// Jest Snapshot v1, https://goo.gl/fbAQLP

exports[`Testing card project should load CardProject 1`] = `
<WithStyles(ForwardRef(Card))
  className="makeStyles-sizeCard-1"
>
  <WithStyles(ForwardRef(CardHeader))
    avatar={
      <WithStyles(ForwardRef(Avatar))
        aria-label="photo"
        src="https://www.dzoom.org.es/wp-content/uploads/2020/02/portada-foto-perfil-redes-sociales-consejos.jpg"
      />
    }
    subheader="11/2/2021"
    title="Nombre de usuario"
  />
  <WithStyles(ForwardRef(CardMedia))
    alt="Project image"
    component="img"
    height="210"
    image="https://e00-expansion.uecdn.es/assets/multimedia/imagenes/2018/07/25/15325097324389.jpg"
  />
  <WithStyles(ForwardRef(CardContent))>
    <WithStyles(ForwardRef(Typography))
      component="h2"
      gutterBottom={true}
      variant="h5"
    >
      Nombre del proyecto
    </WithStyles(ForwardRef(Typography))>
    <WithStyles(ForwardRef(Typography))
      component="p"
      variant="body2"
    >
      15
      % de retorno efectivo anual
    </WithStyles(ForwardRef(Typography))>
    <WithStyles(ForwardRef(Typography))
      component="p"
      variant="body2"
    >
      $ 
      30000000
       Meta de financiaci√≥n
    </WithStyles(ForwardRef(Typography))>
    <Styled(MuiBox)
      display="inline-flex"
      mt={2}
      position="relative"
    >
      <Styled(MuiBox)
        mr={5}
      >
        <Styled(MuiBox)
          display="inline-flex"
          position="relative"
        >
          <WithStyles(ForwardRef(Avatar))
            className="makeStyles-avatar-3"
          >
            <Memo([object Object]) />
          </WithStyles(ForwardRef(Avatar))>
        </Styled(MuiBox)>
        <WithStyles(ForwardRef(Typography))>
           Financiado 
        </WithStyles(ForwardRef(Typography))>
        <WithStyles(ForwardRef(Typography))
          className="makeStyles-mainColor-2"
        >
           $ 
          21000000
        </WithStyles(ForwardRef(Typography))>
      </Styled(MuiBox)>
      <Styled(MuiBox)
        mr={5}
      >
        <ProgressGraph />
        <WithStyles(ForwardRef(Typography))>
           Progreso 
        </WithStyles(ForwardRef(Typography))>
      </Styled(MuiBox)>
      <Styled(MuiBox)>
        <Styled(MuiBox)
          display="inline-flex"
          position="relative"
        >
          <WithStyles(ForwardRef(Avatar))
            className="makeStyles-avatar-3"
          >
            <Memo([object Object]) />
          </WithStyles(ForwardRef(Avatar))>
        </Styled(MuiBox)>
        <WithStyles(ForwardRef(Typography))>
           Socios 
        </WithStyles(ForwardRef(Typography))>
        <WithStyles(ForwardRef(Typography))
          className="makeStyles-mainColor-2"
        >
          10
        </WithStyles(ForwardRef(Typography))>
      </Styled(MuiBox)>
    </Styled(MuiBox)>
  </WithStyles(ForwardRef(CardContent))>
</WithStyles(ForwardRef(Card))>
`;
